// Jest Snapshot v1, https://goo.gl/fbAQLP

exports[`SOH App - Not Logged In matches a snapshot 1`] = `<div />`;
