// Jest Snapshot v1, https://goo.gl/fbAQLP

exports[`Historical retrieve decimated historical station soh can retrieve and process decimated Historical Station Soh 1`] = `
Object {
  "data": Object {
    "calculationTimes": Array [
      1,
      2,
      3,
      4,
    ],
    "minAndMax": Object {
      "xMax": 0,
      "xMin": 0,
      "yMax": 0,
      "yMin": 0,
    },
    "monitorValues": Array [
      Object {
        "average": 3,
        "channelName": "test",
        "type": "DURATION",
        "values": Float32Array [
          1,
          2,
          3,
          4,
          1,
          2,
          3,
          4,
        ],
      },
    ],
    "percentageSent": 0,
    "stationName": undefined,
  },
}
`;

exports[`Historical retrieve decimated historical station soh hook queries for decimated historical station soh 1`] = `<div />`;
