// Jest Snapshot v1, https://goo.gl/fbAQLP

exports[`Weavess Empty Renderer renders 1`] = `<div />`;
