// Jest Snapshot v1, https://goo.gl/fbAQLP

exports[`ResizeContainer will match its snapshot 1`] = `<div />`;
