// Jest Snapshot v1, https://goo.gl/fbAQLP

exports[`Signal Detection Toolbar should match snapshot 1`] = `
<div>
  <div
    class="toolbar"
    style="width: 60px;"
  >
    <div
      class="toolbar__left-group"
    >
      <div
        class="toolbar-item toolbar-item__left"
      >
        <div>
          <div
            data-cy="sd-table-detections-toggle"
          >
            <button
              class="bp4-button bp4-align-left toolbar-button"
              title="Display signal detections within the queried workflow time range."
              type="button"
            >
              <span
                class="bp4-button-text"
              >
                <span>
                  Show detections
                </span>
                <span
                  aria-hidden="true"
                  class="bp4-icon bp4-icon-chevron-down"
                  icon="chevron-down"
                >
                  <svg
                    data-icon="chevron-down"
                    height="16"
                    viewBox="0 0 16 16"
                    width="16"
                  >
                    <path
                      d="M12 5c-.28 0-.53.11-.71.29L8 8.59l-3.29-3.3a1.003 1.003 0 00-1.42 1.42l4 4c.18.18.43.29.71.29s.53-.11.71-.29l4-4A1.003 1.003 0 0012 5z"
                      fill-rule="evenodd"
                    />
                  </svg>
                </span>
              </span>
            </button>
          </div>
        </div>
      </div>
      <div
        class="toolbar-item toolbar-item__left"
      >
        <div>
          <div
            data-cy="sd-table-column-picker"
          >
            <button
              class="bp4-button bp4-align-left toolbar-button"
              title="Select columns to be shown in the signal detection table below"
              type="button"
            >
              <span
                class="bp4-button-text"
              >
                <span>
                  Show columns
                </span>
                <span
                  aria-hidden="true"
                  class="bp4-icon bp4-icon-chevron-down"
                  icon="chevron-down"
                >
                  <svg
                    data-icon="chevron-down"
                    height="16"
                    viewBox="0 0 16 16"
                    width="16"
                  >
                    <path
                      d="M12 5c-.28 0-.53.11-.71.29L8 8.59l-3.29-3.3a1.003 1.003 0 00-1.42 1.42l4 4c.18.18.43.29.71.29s.53-.11.71-.29l4-4A1.003 1.003 0 0012 5z"
                      fill-rule="evenodd"
                    />
                  </svg>
                </span>
              </span>
            </button>
          </div>
        </div>
      </div>
    </div>
    <div
      class="toolbar__center-group"
    >
      <div
        class="toolbar__whitespace"
        style="width: 60px;"
      />
    </div>
    <div
      class="toolbar__right-group"
    />
  </div>
</div>
`;
