// Jest Snapshot v1, https://goo.gl/fbAQLP

exports[`Event utils getPreferredHypothesisInStage returns a valid preferred event hypothesis 1`] = `
Object {
  "preferred": Object {
    "associatedSignalDetectionHypotheses": Array [],
    "id": Object {
      "eventId": "82ca9908-4272-4738-802b-f3d8f3099767",
      "hypothesisId": "44388ae5-5856-45e3-bf2f-4212a5af37c5",
    },
    "locationSolutions": Array [
      Object {
        "featurePredictions": Object {
          "featurePredictions": Array [],
        },
        "id": "c083f904-5083-4532-8b22-94eaf2426c7d",
        "location": Object {
          "depthKm": 1.1,
          "latitudeDegrees": 1.1,
          "longitudeDegrees": 1.1,
          "time": 0,
        },
        "locationBehaviors": Array [],
        "locationRestraint": Object {
          "depthRestraintType": "UNRESTRAINED",
          "positionRestraintType": "UNRESTRAINED",
          "timeRestraintType": "UNRESTRAINED",
        },
        "locationUncertainty": Object {
          "ellipses": Array [
            Object {
              "confidenceLevel": 0.5,
              "depthUncertaintyKm": 0,
              "kWeight": 0,
              "scalingFactorType": "CONFIDENCE",
              "semiMajorAxisLengthKm": 0,
              "semiMajorAxisTrendDeg": 0,
              "semiMinorAxisLengthKm": 0,
              "timeUncertainty": "PT5S",
            },
          ],
          "ellipsoids": Array [],
          "stdDevOneObservation": 1.1,
          "tt": 1.1,
          "xt": 1.1,
          "xx": 1.1,
          "xy": 1.1,
          "xz": 1.1,
          "yt": 1.1,
          "yy": 1.1,
          "yz": 1.1,
          "zt": 1.1,
          "zz": 1.1,
        },
        "name": "location solution one",
        "networkMagnitudeSolutions": Array [
          Object {
            "magnitude": Object {
              "standardDeviation": 0.1,
              "units": "MAGNITUDE",
              "value": 1.1,
            },
            "magnitudeBehaviors": Array [
              Object {
                "isDefining": true,
                "residual": 1.1,
                "stationMagnitudeSolution": Object {
                  "magnitude": Object {
                    "standardDeviation": 0.1,
                    "units": "MAGNITUDE",
                    "value": 1.1,
                  },
                  "measurement": Object {
                    "channel": Object {
                      "effectiveAt": 1636503404,
                      "name": "ASAR.AS01.SHZ",
                    },
                    "featureMeasurementType": "PHASE",
                    "measuredChannelSegment": Object {
                      "id": Object {
                        "channel": Object {
                          "effectiveAt": 1636503404,
                          "name": "ASAR.AS01.SHZ",
                        },
                        "creationTime": 1636503404,
                        "endTime": 1636503504,
                        "startTime": 1636503404,
                      },
                    },
                    "measurementValue": Object {
                      "confidence": 0.5,
                      "value": "P",
                    },
                    "snr": null,
                  },
                  "model": "UNKNOWN",
                  "phase": "UNKNOWN",
                  "station": Object {
                    "allRawChannels": Array [
                      Object {
                        "canonicalName": "Canonical Name One",
                        "channelBandType": "B",
                        "channelDataType": "DIAGNOSTIC_SOH",
                        "channelInstrumentType": "H",
                        "channelOrientationCode": "Z",
                        "channelOrientationType": "Z",
                        "configuredInputs": Array [],
                        "description": "Example description",
                        "effectiveAt": 0,
                        "effectiveUntil": 1634680114.58,
                        "location": Object {
                          "depthKm": 100,
                          "elevationKm": 5500,
                          "latitudeDegrees": 35,
                          "longitudeDegrees": -125,
                        },
                        "name": "Real Channel Name One",
                        "nominalSampleRateHz": 65,
                        "orientationAngles": Object {
                          "horizontalAngleDeg": 65,
                          "verticalAngleDeg": 135,
                        },
                        "processingDefinition": undefined,
                        "processingMetadata": undefined,
                        "response": Object {
                          "calibration": Object {
                            "calibrationFactor": Object {
                              "standardDeviation": 0.112,
                              "units": "SECONDS",
                              "value": 1.2,
                            },
                            "calibrationPeriodSec": 14.5,
                            "calibrationTimeShift": "PT2S",
                          },
                          "effectiveAt": 0,
                          "effectiveUntil": 253370764800,
                          "fapResponse": undefined,
                          "id": "5dc3dce4-ae3c-3fb0-84ba-2f83fb5a89d2",
                        },
                        "station": Object {
                          "name": "STA",
                        },
                        "units": "NANOMETERS",
                      },
                      Object {
                        "canonicalName": "Canonical Name Two",
                        "channelBandType": "B",
                        "channelDataType": "DIAGNOSTIC_SOH",
                        "channelInstrumentType": "H",
                        "channelOrientationCode": "Z",
                        "channelOrientationType": "Z",
                        "configuredInputs": Array [],
                        "description": "Example description",
                        "effectiveAt": 0,
                        "effectiveUntil": 1634680114.582,
                        "location": Object {
                          "depthKm": 100,
                          "elevationKm": 5500,
                          "latitudeDegrees": 35,
                          "longitudeDegrees": -125,
                        },
                        "name": "Real Channel Name Two",
                        "nominalSampleRateHz": 65,
                        "orientationAngles": Object {
                          "horizontalAngleDeg": 65,
                          "verticalAngleDeg": 135,
                        },
                        "processingDefinition": undefined,
                        "processingMetadata": undefined,
                        "response": Object {
                          "calibration": Object {
                            "calibrationFactor": Object {
                              "standardDeviation": 0.112,
                              "units": "SECONDS",
                              "value": 1.2,
                            },
                            "calibrationPeriodSec": 14.5,
                            "calibrationTimeShift": "PT2S",
                          },
                          "effectiveAt": 0,
                          "effectiveUntil": 253370764800,
                          "fapResponse": undefined,
                          "id": "a9497b80-f49c-3bdc-9283-7c64b5562cd6",
                        },
                        "station": Object {
                          "name": "STA",
                        },
                        "units": "NANOMETERS",
                      },
                    ],
                    "channelGroups": Array [
                      Object {
                        "channels": Array [
                          Object {
                            "canonicalName": "Canonical Name One",
                            "channelBandType": "B",
                            "channelDataType": "DIAGNOSTIC_SOH",
                            "channelInstrumentType": "H",
                            "channelOrientationCode": "Z",
                            "channelOrientationType": "Z",
                            "configuredInputs": Array [],
                            "description": "Example description",
                            "effectiveAt": 0,
                            "effectiveUntil": 1634680114.58,
                            "location": Object {
                              "depthKm": 100,
                              "elevationKm": 5500,
                              "latitudeDegrees": 35,
                              "longitudeDegrees": -125,
                            },
                            "name": "Real Channel Name One",
                            "nominalSampleRateHz": 65,
                            "orientationAngles": Object {
                              "horizontalAngleDeg": 65,
                              "verticalAngleDeg": 135,
                            },
                            "processingDefinition": undefined,
                            "processingMetadata": undefined,
                            "response": Object {
                              "calibration": Object {
                                "calibrationFactor": Object {
                                  "standardDeviation": 0.112,
                                  "units": "SECONDS",
                                  "value": 1.2,
                                },
                                "calibrationPeriodSec": 14.5,
                                "calibrationTimeShift": "PT2S",
                              },
                              "effectiveAt": 0,
                              "effectiveUntil": 253370764800,
                              "fapResponse": undefined,
                              "id": "5dc3dce4-ae3c-3fb0-84ba-2f83fb5a89d2",
                            },
                            "station": Object {
                              "name": "STA",
                            },
                            "units": "NANOMETERS",
                          },
                        ],
                        "description": "Channel Group Description",
                        "effectiveAt": 0,
                        "effectiveUntil": 253370764800,
                        "location": Object {
                          "depthKm": 100,
                          "elevationKm": 5500,
                          "latitudeDegrees": 35,
                          "longitudeDegrees": -125,
                        },
                        "name": "Test Channel Group",
                        "type": "PROCESSING_GROUP",
                      },
                    ],
                    "description": "This is a test station",
                    "effectiveAt": 1634678314.635,
                    "effectiveUntil": 253370764800,
                    "location": Object {
                      "depthKm": 50,
                      "elevationKm": 10,
                      "latitudeDegrees": 35.647,
                      "longitudeDegrees": 100,
                    },
                    "name": "STA",
                    "relativePositionsByChannel": Object {
                      "Real Channel Name One": Object {
                        "eastDisplacementKm": 5,
                        "northDisplacementKm": 50,
                        "verticalDisplacementKm": 10,
                      },
                      "Real Channel Name Two": Object {
                        "eastDisplacementKm": 5,
                        "northDisplacementKm": 50,
                        "verticalDisplacementKm": 10,
                      },
                    },
                    "type": "HYDROACOUSTIC",
                  },
                  "type": "MB",
                },
                "weight": 1.1,
              },
            ],
            "type": "MB",
          },
        ],
      },
    ],
    "name": "preferred one",
    "parentEventHypotheses": Array [],
    "preferredLocationSolution": Object {
      "id": "c083f904-5083-4532-8b22-94eaf2426c7d",
    },
    "rejected": false,
  },
  "preferredBy": "ANALYST1",
  "stage": Object {
    "name": "AL1",
  },
}
`;
