// Jest Snapshot v1, https://goo.gl/fbAQLP

exports[`Alignment Menu Renders 1`] = `
<div
  class="alignment-dropdown"
>
  <div>
    <label
      class="bp4-control bp4-radio alignment-dropdown__radio"
    >
      <input
        data-cy="time"
        name="Blueprint4.RadioGroup-0"
        type="radio"
        value="time"
      />
      <span
        class="bp4-control-indicator"
      />
      Time
    </label>
    <label
      class="bp4-control bp4-radio alignment-dropdown__radio"
    >
      <input
        checked=""
        data-cy="phase"
        name="Blueprint4.RadioGroup-0"
        type="radio"
        value="phase"
      />
      <span
        class="bp4-control-indicator"
      />
      Phase:
      <div
        class="alignment-dropdown__phase-type-selector"
      >
        <div
          class="dropdown-container"
        >
          <span
            class="dropdown-selector"
            data-cy="-dropdown"
          >
            <div
              class="bp4-html-select"
            >
              <select
                style="min-width: 95px; width: 95px;"
                title="Predicted"
              >
                <option
                  value="Predicted"
                >
                  Predicted
                </option>
                <option
                  value="Observed"
                >
                  Observed
                </option>
              </select>
              <span
                class="bp4-icon bp4-icon-double-caret-vertical"
                icon="double-caret-vertical"
              >
                <svg
                  data-icon="double-caret-vertical"
                  height="16"
                  viewBox="0 0 16 16"
                  width="16"
                >
                  <desc>
                    Open dropdown
                  </desc>
                  <path
                    d="M5 7h6a1.003 1.003 0 00.71-1.71l-3-3C8.53 2.11 8.28 2 8 2s-.53.11-.71.29l-3 3A1.003 1.003 0 005 7zm6 2H5a1.003 1.003 0 00-.71 1.71l3 3c.18.18.43.29.71.29s.53-.11.71-.29l3-3A1.003 1.003 0 0011 9z"
                    fill-rule="evenodd"
                  />
                </svg>
              </span>
            </div>
          </span>
        </div>
      </div>
    </label>
  </div>
  <div
    class="alignment-dropdown__list-positioner"
  >
    <div
      class="filterable-option-list"
    >
      <input
        class="filterable-option-list__search"
        placeholder="Search input"
        style="width: 169px; margin-left: 0px;"
        tabindex="0"
        type="search"
        value=""
      />
      <div
        class="filterable-option-list__list"
        style="width: 169px; margin-left: 0px;"
      >
        <div
          class="filterable-option-list-item"
          data-cy="filterable-option-P"
          id="P"
          tabindex="0"
        >
          P
        </div>
        <div
          class="filterable-option-list__divider"
        />
        <div
          class="filterable-option-list-item"
          data-cy="filterable-option-Lg"
          id="Lg"
          tabindex="0"
        >
          Lg
        </div>
        <div
          class="filterable-option-list-item__selected filterable-option-list-item"
          data-cy="filterable-option-LR"
          id="LR"
          tabindex="0"
        >
          LR
        </div>
      </div>
    </div>
  </div>
</div>
`;
