// Jest Snapshot v1, https://goo.gl/fbAQLP

exports[`Command Palette Component matches a snapshot 1`] = `<div />`;
